  姝ｅ湪纭畾瑕佽繕鍘熺殑椤圭洰鈥?
  鎵€鏈夐」鐩潎鏄渶鏂扮殑锛屾棤娉曡繕鍘熴€?
  Renligou.Core.Shared -> D:\wwwroot\Renligou\src\core\Renligou.Core.Shared\bin\Debug\net10.0\Renligou.Core.Shared.dll
  Renligou.Core.Domain -> D:\wwwroot\Renligou\src\core\Renligou.Core.Domain\bin\Debug\net10.0\Renligou.Core.Domain.dll
  Renligou.Core.Application -> D:\wwwroot\Renligou\src\core\Renligou.Core.Application\bin\Debug\net10.0\Renligou.Core.Application.dll
  Renligou.Core.Infrastructure -> D:\wwwroot\Renligou\src\core\Renligou.Core.Infrastructure\bin\Debug\net10.0\Renligou.Core.Infrastructure.dll
D:\wwwroot\Renligou\tests\Renligou.Core.Application.Tests\Enterprise\CreateCompanyHandlerTests.cs(101,47): error CS0535: 鈥淐reateCompanyHandlerTests.MockRegionQueryRepository鈥濅笉瀹炵幇鎺ュ彛鎴愬憳鈥淚RegionQueryRepository.QeuryResionListAsync(long, string?)鈥?[D:\wwwroot\Renligou\tests\Renligou.Core.Application.Tests\Renligou.Core.Application.Tests.csproj]
D:\wwwroot\Renligou\tests\Renligou.Core.Application.Tests\Enterprise\CreateCompanyHandlerTests.cs(101,47): error CS0535: 鈥淐reateCompanyHandlerTests.MockRegionQueryRepository鈥濅笉瀹炵幇鎺ュ彛鎴愬憳鈥淚RegionQueryRepository.QueryRegionNamesByIdsAsync(IEnumerable<long>)鈥?[D:\wwwroot\Renligou\tests\Renligou.Core.Application.Tests\Renligou.Core.Application.Tests.csproj]

鐢熸垚澶辫触銆?

D:\wwwroot\Renligou\tests\Renligou.Core.Application.Tests\Enterprise\CreateCompanyHandlerTests.cs(101,47): error CS0535: 鈥淐reateCompanyHandlerTests.MockRegionQueryRepository鈥濅笉瀹炵幇鎺ュ彛鎴愬憳鈥淚RegionQueryRepository.QeuryResionListAsync(long, string?)鈥?[D:\wwwroot\Renligou\tests\Renligou.Core.Application.Tests\Renligou.Core.Application.Tests.csproj]
D:\wwwroot\Renligou\tests\Renligou.Core.Application.Tests\Enterprise\CreateCompanyHandlerTests.cs(101,47): error CS0535: 鈥淐reateCompanyHandlerTests.MockRegionQueryRepository鈥濅笉瀹炵幇鎺ュ彛鎴愬憳鈥淚RegionQueryRepository.QueryRegionNamesByIdsAsync(IEnumerable<long>)鈥?[D:\wwwroot\Renligou\tests\Renligou.Core.Application.Tests\Renligou.Core.Application.Tests.csproj]
    0 涓鍛?
    2 涓敊璇?

宸茬敤鏃堕棿 00:00:01.94
